// Jest Snapshot v1, https://goo.gl/fbAQLP

exports[`Should correctly render DashboardPage 1`] = `
<div>
  Dashboard
</div>
`;
